Starting file consistency check...
Script started at: Wed Feb  5 12:13:18 PM EST 2025
Base Directory: /export/fs05/afrumme1/babylon_datasets_1/arabic/test_01_02_2025_22_25_47_8_4_20_10_15_10/test/mixture
Prefixes: comp_
No subdirectories found.
File consistency check completed.
