Starting file consistency check...
Base Directory: /export/fs05/afrumme1/babylon_datasets_1/english/test_04_02_2025_21_41_11_8_4_20_10_15_10/test/
Prefixes: comp_
Using 'source2' as reference.
All subdirectories contain the same files.
File consistency check completed.
