Calculating total WAV duration...
Processing directory: /export/fs05/afrumme1/babylon_datasets_1/english/test_04_02_2025_21_41_11_8_4_20_10_15_10/test/mixture
Processing 8179 .wav files with 8 workers...

Total duration of all .wav files: 21 hours, 22 minutes, 43.48 seconds
WAV duration calculation completed.
